// Jest Snapshot v1, https://goo.gl/fbAQLP

exports[`<InputPage/> renders as expected 1`] = `
<div>
  <section>
    <header
      className="input-instructions"
    >
      <h1>
        Type Words into the Box Separated by Commas
      </h1>
    </header>
    <form>
      <input
        className="title-name"
        onChange={[Function]}
        placeholder="Game Title example: \\"Numbers\\" "
      />
      <div
        className="input-container"
      >
        <textarea
          aria-label="Type your words here"
          aria-required="true"
          className="input-box"
          onChange={[Function]}
          placeholder="Write Words Here"
        />
      </div>
    </form>
    <h2>
      Review Words
    </h2>
    <div
      className="submit-button-container"
    >
      <a
        href="/game-home-page"
        onClick={[Function]}
      >
        <button
          className="submit-cancel"
        >
          Cancel
        </button>
      </a>
      <a
        href="/game-start-page"
        onClick={[Function]}
      >
        <button
          className="submit-input"
          onClick={[Function]}
          type="submit"
        >
          Submit
        </button>
      </a>
    </div>
  </section>
</div>
`;
