// Jest Snapshot v1, https://goo.gl/fbAQLP

exports[`<PassTheBall /> renders as expected 1`] = `
<div
  className="game-play-container"
>
  <div
    className="pass-the-ball"
  >
    <h1>
      Start
    </h1>
  </div>
  <img
    alt="ball-placeholder"
    src="ball.png"
  />
</div>
`;
